// Jest Snapshot v1, https://goo.gl/fbAQLP

exports[`Home 1`] = `
<div>
  <div
    className="App"
  >
    <header
      className="App-header"
    >
      Halaman Utama
    </header>
  </div>
</div>
`;
